Input #0, mov,mp4,m4a,3gp,3g2,mj2, from 'E:\pyproject\video_spec_gen\assets\fusheng-zhi-baishe-qianyuan\web-downloads\api-direct\浮生之白蛇前缘-捉妖师许仙预告.mp4':
  Metadata:
    major_brand     : isom
    minor_version   : 512
    compatible_brands: isomiso2avc1mp41
    encoder         : Lavf63.1.101
    description     : Packed by Bilibili XCoder v2.0.2
  Duration: 00:01:43.77, start: 0.000000, bitrate: 461 kb/s
  Stream #0:0[0x1](und): Video: h264 (High) (avc1 / 0x31637661), yuv420p(tv, bt709, progressive), 852x480, 387 kb/s, 30 fps, 30 tbr, 16k tbn (default)
    Metadata:
      handler_name    : VideoHandler
  Stream #0:1[0x2](und): Audio: aac (LC) (mp4a / 0x6134706D), 44100 Hz, stereo, fltp, 63 kb/s (default)
    Metadata:
      handler_name    : SoundHandler
Stream mapping:
  Stream #0:0 -> #0:0 (h264 (native) -> wrapped_avframe (native))
  Stream #0:1 -> #0:1 (aac (native) -> pcm_s16le (native))
Press [q] to stop, [?] for help
Output #0, null, to 'NUL':
  Metadata:
    major_brand     : isom
    minor_version   : 512
    compatible_brands: isomiso2avc1mp41
    description     : Packed by Bilibili XCoder v2.0.2
    encoder         : Lavf63.1.101
  Stream #0:0(und): Video: wrapped_avframe, yuv420p(tv, bt709, progressive), 852x480, q=2-31, 200 kb/s, 30 fps, 30 tbn (default)
    Metadata:
      encoder         : Lavc63.1.101 wrapped_avframe
      handler_name    : VideoHandler
  Stream #0:1(und): Audio: pcm_s16le, 44100 Hz, stereo, s16, 1411 kb/s (default)
    Metadata:
      encoder         : Lavc63.1.101 pcm_s16le
      handler_name    : SoundHandler
[Parsed_silencedetect_0 @ 0000023bf7e9a780] silence_start: 8.954694
[Parsed_silencedetect_0 @ 0000023bf7e9a780] silence_end: 9.453039 | silence_duration: 0.498345
frame= 2622 fps=0.0 q=-0.0 size=N/A time=00:01:27.44 bitrate=N/A speed= 170x elapsed=0:00:00.51    
[Parsed_silencedetect_0 @ 0000023bf7e9a780] silence_start: 99.514286
[Parsed_silencedetect_0 @ 0000023bf7e9a780] silence_end: 100.715556 | silence_duration: 1.20127
[Parsed_silencedetect_0 @ 0000023bf7e9a780] silence_start: 100.855873
[Parsed_silencedetect_0 @ 0000023bf7e9a780] silence_end: 102.00551 | silence_duration: 1.149637
[Parsed_silencedetect_0 @ 0000023bf7e9a780] silence_start: 102.591859
[Parsed_silencedetect_0 @ 0000023bf7e9a780] silence_end: 103.723537 | silence_duration: 1.131678
[out#0/null @ 0000023bf5d71740] video:1289KiB audio:17868KiB subtitle:0KiB other streams:0KiB global headers:0KiB muxing overhead: unknown
frame= 3113 fps=0.0 q=-0.0 Lsize=N/A time=00:01:43.76 bitrate=N/A speed= 175x elapsed=0:00:00.59    
