Input #0, mov,mp4,m4a,3gp,3g2,mj2, from 'E:\pyproject\video_spec_gen\assets\fusheng-zhi-baishe-qianyuan\web-downloads\2026-09-06-fusheng-zhi-baishe-qianyuan-public-previews\网剧《浮生之白蛇前缘》预告：有缘仙里.mp4':
  Metadata:
    major_brand     : isom
    minor_version   : 512
    compatible_brands: isomiso2avc1mp41
    title           : 网剧《浮生之白蛇前缘》预告:有缘仙里喜相逢！
    artist          : 冰天雪地happy
    date            : 20260830
    encoder         : Lavf63.1.101
    comment         : https://www.bilibili.com/video/BV18B4U6REpr
    genre           : 阴阳师云华依言歌, 爱情, 古装, 电视剧, 预告片, 必剪创作
    description     : -
    synopsis        : -
  Duration: 00:01:12.33, start: 0.000000, bitrate: 713 kb/s
  Stream #0:0[0x1](und): Video: h264 (High) (avc1 / 0x31637661), yuv420p(tv, bt709, progressive), 1280x720, 543 kb/s, 21.50 fps, 21.50 tbr, 16k tbn (default)
    Metadata:
      handler_name    : VideoHandler
  Stream #0:1[0x2](und): Audio: aac (LC) (mp4a / 0x6134706D), 44100 Hz, stereo, fltp, 165 kb/s (default)
    Metadata:
      handler_name    : SoundHandler
Stream mapping:
  Stream #0:0 -> #0:0 (h264 (native) -> wrapped_avframe (native))
Press [q] to stop, [?] for help
[Parsed_showinfo_1 @ 000001d02e3b7f80] config in time_base: 1/16000, frame_rate: 43/2
[Parsed_showinfo_1 @ 000001d02e3b7f80] config out time_base: 0/0, frame_rate: 0/0
[Parsed_showinfo_1 @ 000001d02e3b7f80] n:   0 pts:    744 pts_time:0.0465  duration:    745 duration_time:0.0465625 fmt:yuv420p cl:left sar:0/1 s:1280x720 i:P iskey:0 type:P checksum:7C753B3A plane_checksum:[A4A4915E 49427A4C 54952F81] mean:[61 128 127] stdev:[8.2 2.5 3.4]
[Parsed_showinfo_1 @ 000001d02e3b7f80] color_range:tv color_space:bt709 color_primaries:bt709 color_trc:bt709
Output #0, null, to 'NUL':
  Metadata:
    major_brand     : isom
    minor_version   : 512
    compatible_brands: isomiso2avc1mp41
    title           : 网剧《浮生之白蛇前缘》预告:有缘仙里喜相逢！
    artist          : 冰天雪地happy
    date            : 20260830
    synopsis        : -
    comment         : https://www.bilibili.com/video/BV18B4U6REpr
    genre           : 阴阳师云华依言歌, 爱情, 古装, 电视剧, 预告片, 必剪创作
    description     : -
    encoder         : Lavf63.1.101
  Stream #0:0(und): Video: wrapped_avframe, yuv420p(tv, bt709, progressive), 1280x720, q=2-31, 200 kb/s, 21.50 fps, 21.50 tbn (default)
    Metadata:
      encoder         : Lavc63.1.101 wrapped_avframe
      handler_name    : VideoHandler
[Parsed_showinfo_1 @ 000001d02e3b7f80] n:   1 pts:  76651 pts_time:4.790687 duration:    744 duration_time:0.0465  fmt:yuv420p cl:left sar:0/1 s:1280x720 i:P iskey:0 type:B checksum:FB4D4B19 plane_checksum:[EE26B984 DBFD4002 66545184] mean:[68 125 131] stdev:[52.3 8.4 11.1]
[Parsed_showinfo_1 @ 000001d02e3b7f80] color_range:tv color_space:bt709 color_primaries:bt709 color_trc:bt709
[Parsed_showinfo_1 @ 000001d02e3b7f80] n:   2 pts:  98977 pts_time:6.186063 duration:    744 duration_time:0.0465  fmt:yuv420p cl:left sar:0/1 s:1280x720 i:P iskey:0 type:B checksum:0CCD9679 plane_checksum:[C3670A6D E863D335 D49AB8C8] mean:[85 119 139] stdev:[49.8 9.8 12.0]
[Parsed_showinfo_1 @ 000001d02e3b7f80] color_range:tv color_space:bt709 color_primaries:bt709 color_trc:bt709
[Parsed_showinfo_1 @ 000001d02e3b7f80] n:   3 pts: 140651 pts_time:8.790688 duration:    744 duration_time:0.0465  fmt:yuv420p cl:left sar:0/1 s:1280x720 i:P iskey:0 type:B checksum:D0EC0D1A plane_checksum:[6CAD26F7 693FA2BF 30324355] mean:[47 116 134] stdev:[35.3 18.0 6.7]
[Parsed_showinfo_1 @ 000001d02e3b7f80] color_range:tv color_space:bt709 color_primaries:bt709 color_trc:bt709
[Parsed_showinfo_1 @ 000001d02e3b7f80] n:   4 pts: 167442 pts_time:10.465125 duration:    744 duration_time:0.0465  fmt:yuv420p cl:left sar:0/1 s:1280x720 i:P iskey:0 type:P checksum:4A6CEA47 plane_checksum:[CC85B745 5C07EC6A 162F4689] mean:[111 123 133] stdev:[52.9 3.6 3.6]
[Parsed_showinfo_1 @ 000001d02e3b7f80] color_range:tv color_space:bt709 color_primaries:bt709 color_trc:bt709
[Parsed_showinfo_1 @ 000001d02e3b7f80] n:   5 pts: 180837 pts_time:11.302313 duration:    744 duration_time:0.0465  fmt:yuv420p cl:left sar:0/1 s:1280x720 i:P iskey:0 type:B checksum:9678AF47 plane_checksum:[01A31DA2 5DCD507F DF0F4126] mean:[89 125 133] stdev:[58.9 5.6 8.9]
[Parsed_showinfo_1 @ 000001d02e3b7f80] color_range:tv color_space:bt709 color_primaries:bt709 color_trc:bt709
[Parsed_showinfo_1 @ 000001d02e3b7f80] n:   6 pts: 193488 pts_time:12.093  duration:    744 duration_time:0.0465  fmt:yuv420p cl:left sar:0/1 s:1280x720 i:P iskey:0 type:B checksum:E59C55D4 plane_checksum:[96D61726 DE6E075D 3DEA3751] mean:[98 124 133] stdev:[61.8 6.7 8.1]
[Parsed_showinfo_1 @ 000001d02e3b7f80] color_range:tv color_space:bt709 color_primaries:bt709 color_trc:bt709
[Parsed_showinfo_1 @ 000001d02e3b7f80] n:   7 pts: 202419 pts_time:12.651188 duration:    744 duration_time:0.0465  fmt:yuv420p cl:left sar:0/1 s:1280x720 i:P iskey:0 type:P checksum:C9821ECF plane_checksum:[400EB99A 895B42D0 B04A2256] mean:[86 125 133] stdev:[53.4 4.3 6.8]
[Parsed_showinfo_1 @ 000001d02e3b7f80] color_range:tv color_space:bt709 color_primaries:bt709 color_trc:bt709
[Parsed_showinfo_1 @ 000001d02e3b7f80] n:   8 pts: 221023 pts_time:13.813937 duration:    744 duration_time:0.0465  fmt:yuv420p cl:left sar:0/1 s:1280x720 i:P iskey:0 type:B checksum:6E909B75 plane_checksum:[9A77A444 468F62AE AF9D9474] mean:[85 122 134] stdev:[59.6 5.2 7.2]
[Parsed_showinfo_1 @ 000001d02e3b7f80] color_range:tv color_space:bt709 color_primaries:bt709 color_trc:bt709
[Parsed_showinfo_1 @ 000001d02e3b7f80] n:   9 pts: 239628 pts_time:14.97675 duration:    745 duration_time:0.0465625 fmt:yuv420p cl:left sar:0/1 s:1280x720 i:P iskey:0 type:B checksum:D7E03BE2 plane_checksum:[FF4BC9A5 6C8ABEA5 D013B37A] mean:[64 138 111] stdev:[33.2 7.7 13.6]
[Parsed_showinfo_1 @ 000001d02e3b7f80] color_range:tv color_space:bt709 color_primaries:bt709 color_trc:bt709
[Parsed_showinfo_1 @ 000001d02e3b7f80] n:  10 pts: 286512 pts_time:17.907  duration:    744 duration_time:0.0465  fmt:yuv420p cl:left sar:0/1 s:1280x720 i:P iskey:0 type:B checksum:8252B3F3 plane_checksum:[0BD36BC7 428E0E51 DB0539DB] mean:[73 126 129] stdev:[43.0 5.1 5.4]
[Parsed_showinfo_1 @ 000001d02e3b7f80] color_range:tv color_space:bt709 color_primaries:bt709 color_trc:bt709
[Parsed_showinfo_1 @ 000001d02e3b7f80] n:  11 pts: 296930 pts_time:18.558125 duration:    744 duration_time:0.0465  fmt:yuv420p cl:left sar:0/1 s:1280x720 i:P iskey:0 type:B checksum:A0BB5F09 plane_checksum:[29D6423D F8430A0C 08FF12C0] mean:[87 126 133] stdev:[51.8 3.8 6.5]
[Parsed_showinfo_1 @ 000001d02e3b7f80] color_range:tv color_space:bt709 color_primaries:bt709 color_trc:bt709
[Parsed_showinfo_1 @ 000001d02e3b7f80] n:  12 pts: 305860 pts_time:19.11625 duration:    745 duration_time:0.0465625 fmt:yuv420p cl:left sar:0/1 s:1280x720 i:P iskey:0 type:B checksum:2B7369B1 plane_checksum:[153FA5CC 3031D2D5 EEEBF0F2] mean:[72 126 129] stdev:[43.8 5.7 7.7]
[Parsed_showinfo_1 @ 000001d02e3b7f80] color_range:tv color_space:bt709 color_primaries:bt709 color_trc:bt709
[Parsed_showinfo_1 @ 000001d02e3b7f80] n:  13 pts: 315535 pts_time:19.720938 duration:    744 duration_time:0.0465  fmt:yuv420p cl:left sar:0/1 s:1280x720 i:P iskey:0 type:B checksum:58CE71D0 plane_checksum:[B768ACB2 DE2DF901 36F0CBFF] mean:[69 125 132] stdev:[43.2 4.5 6.8]
[Parsed_showinfo_1 @ 000001d02e3b7f80] color_range:tv color_space:bt709 color_primaries:bt709 color_trc:bt709
[Parsed_showinfo_1 @ 000001d02e3b7f80] n:  14 pts: 331163 pts_time:20.697688 duration:    744 duration_time:0.0465  fmt:yuv420p cl:left sar:0/1 s:1280x720 i:P iskey:0 type:B checksum:E0ADD0E8 plane_checksum:[72535401 D8F57B3F 0EC201A8] mean:[83 127 130] stdev:[55.4 6.5 5.5]
[Parsed_showinfo_1 @ 000001d02e3b7f80] color_range:tv color_space:bt709 color_primaries:bt709 color_trc:bt709
[Parsed_showinfo_1 @ 000001d02e3b7f80] n:  15 pts: 335628 pts_time:20.97675 duration:    745 duration_time:0.0465625 fmt:yuv420p cl:left sar:0/1 s:1280x720 i:P iskey:0 type:B checksum:F32045D1 plane_checksum:[12C972B3 ACF7F3A1 20DEDF5F] mean:[94 127 129] stdev:[64.9 4.2 7.0]
[Parsed_showinfo_1 @ 000001d02e3b7f80] color_range:tv color_space:bt709 color_primaries:bt709 color_trc:bt709
[Parsed_showinfo_1 @ 000001d02e3b7f80] n:  16 pts: 343070 pts_time:21.441875 duration:    744 duration_time:0.0465  fmt:yuv420p cl:left sar:0/1 s:1280x720 i:P iskey:0 type:B checksum:AC3B83F1 plane_checksum:[993DE32B 35916D10 302433A7] mean:[71 126 129] stdev:[41.9 5.7 7.9]
[Parsed_showinfo_1 @ 000001d02e3b7f80] color_range:tv color_space:bt709 color_primaries:bt709 color_trc:bt709
[Parsed_showinfo_1 @ 000001d02e3b7f80] n:  17 pts: 348279 pts_time:21.767437 duration:    744 duration_time:0.0465  fmt:yuv420p cl:left sar:0/1 s:1280x720 i:P iskey:0 type:B checksum:CD75314A plane_checksum:[0F497531 B41DDF47 9A14DCB4] mean:[45 117 133] stdev:[32.4 16.6 6.2]
[Parsed_showinfo_1 @ 000001d02e3b7f80] color_range:tv color_space:bt709 color_primaries:bt709 color_trc:bt709
[Parsed_showinfo_1 @ 000001d02e3b7f80] n:  18 pts: 517953 pts_time:32.372062 duration:    745 duration_time:0.0465625 fmt:yuv420p cl:left sar:0/1 s:1280x720 i:P iskey:0 type:B checksum:E9223D4E plane_checksum:[C327DE11 51025997 78F60597] mean:[69 126 131] stdev:[49.4 5.5 6.4]
[Parsed_showinfo_1 @ 000001d02e3b7f80] color_range:tv color_space:bt709 color_primaries:bt709 color_trc:bt709
[Parsed_showinfo_1 @ 000001d02e3b7f80] n:  19 pts: 528372 pts_time:33.02325 duration:    744 duration_time:0.0465  fmt:yuv420p cl:left sar:0/1 s:1280x720 i:P iskey:0 type:B checksum:51C30559 plane_checksum:[34A5C109 02ACC064 12B083CE] mean:[64 125 135] stdev:[44.4 5.7 10.5]
[Parsed_showinfo_1 @ 000001d02e3b7f80] color_range:tv color_space:bt709 color_primaries:bt709 color_trc:bt709
[Parsed_showinfo_1 @ 000001d02e3b7f80] n:  20 pts: 541023 pts_time:33.813938 duration:    744 duration_time:0.0465  fmt:yuv420p cl:left sar:0/1 s:1280x720 i:P iskey:0 type:B checksum:D3537EA5 plane_checksum:[E60DFD9B ADDBF23F 80268EAD] mean:[50 130 122] stdev:[26.3 3.3 6.2]
[Parsed_showinfo_1 @ 000001d02e3b7f80] color_range:tv color_space:bt709 color_primaries:bt709 color_trc:bt709
[Parsed_showinfo_1 @ 000001d02e3b7f80] n:  21 pts: 558884 pts_time:34.93025 duration:    745 duration_time:0.0465625 fmt:yuv420p cl:left sar:0/1 s:1280x720 i:P iskey:0 type:B checksum:2FBCDE03 plane_checksum:[430BE963 64F65A46 916D9A4B] mean:[60 134 119] stdev:[33.6 5.0 9.7]
[Parsed_showinfo_1 @ 000001d02e3b7f80] color_range:tv color_space:bt709 color_primaries:bt709 color_trc:bt709
[Parsed_showinfo_1 @ 000001d02e3b7f80] n:  22 pts: 569302 pts_time:35.581375 duration:    744 duration_time:0.0465  fmt:yuv420p cl:left sar:0/1 s:1280x720 i:P iskey:0 type:B checksum:51F3F2C6 plane_checksum:[3ABA4817 287305EB 1DA5A4C4] mean:[68 123 132] stdev:[40.1 7.1 10.4]
[Parsed_showinfo_1 @ 000001d02e3b7f80] color_range:tv color_space:bt709 color_primaries:bt709 color_trc:bt709
[Parsed_showinfo_1 @ 000001d02e3b7f80] n:  23 pts: 577488 pts_time:36.093  duration:    744 duration_time:0.0465  fmt:yuv420p cl:left sar:0/1 s:1280x720 i:P iskey:0 type:P checksum:BF7F9E41 plane_checksum:[FDE685D8 E24B4AC4 8006CD96] mean:[67 126 130] stdev:[36.7 5.9 9.6]
[Parsed_showinfo_1 @ 000001d02e3b7f80] color_range:tv color_space:bt709 color_primaries:bt709 color_trc:bt709
[Parsed_showinfo_1 @ 000001d02e3b7f80] n:  24 pts: 593860 pts_time:37.11625 duration:    744 duration_time:0.0465  fmt:yuv420p cl:left sar:0/1 s:1280x720 i:P iskey:0 type:B checksum:2C3F2B39 plane_checksum:[3F86E873 C2853F59 D700035E] mean:[64 125 131] stdev:[38.2 4.5 7.6]
[Parsed_showinfo_1 @ 000001d02e3b7f80] color_range:tv color_space:bt709 color_primaries:bt709 color_trc:bt709
[Parsed_showinfo_1 @ 000001d02e3b7f80] n:  25 pts: 610233 pts_time:38.139563 duration:    745 duration_time:0.0465625 fmt:yuv420p cl:left sar:0/1 s:1280x720 i:P iskey:0 type:B checksum:0D4F4A50 plane_checksum:[28743A68 2B102102 9341EED7] mean:[61 124 134] stdev:[39.5 9.2 11.9]
[Parsed_showinfo_1 @ 000001d02e3b7f80] color_range:tv color_space:bt709 color_primaries:bt709 color_trc:bt709
[Parsed_showinfo_1 @ 000001d02e3b7f80] n:  26 pts: 625116 pts_time:39.06975 duration:    744 duration_time:0.0465  fmt:yuv420p cl:left sar:0/1 s:1280x720 i:P iskey:0 type:P checksum:293560D2 plane_checksum:[A750BEBA ED7062ED 960F3F1C] mean:[46 116 133] stdev:[35.4 18.4 6.6]
[Parsed_showinfo_1 @ 000001d02e3b7f80] color_range:tv color_space:bt709 color_primaries:bt709 color_trc:bt709
[Parsed_showinfo_1 @ 000001d02e3b7f80] n:  27 pts: 657860 pts_time:41.11625 duration:    744 duration_time:0.0465  fmt:yuv420p cl:left sar:0/1 s:1280x720 i:P iskey:0 type:P checksum:0DE84D84 plane_checksum:[B18148F3 99799166 8DF3731C] mean:[97 125 130] stdev:[71.1 5.6 7.4]
[Parsed_showinfo_1 @ 000001d02e3b7f80] color_range:tv color_space:bt709 color_primaries:bt709 color_trc:bt709
[Parsed_showinfo_1 @ 000001d02e3b7f80] n:  28 pts: 662326 pts_time:41.395375 duration:    744 duration_time:0.0465  fmt:yuv420p cl:left sar:0/1 s:1280x720 i:P iskey:0 type:B checksum:211E0F7B plane_checksum:[2374A532 BFEDB6D8 8E5FB353] mean:[97 120 135] stdev:[60.8 9.3 8.8]
[Parsed_showinfo_1 @ 000001d02e3b7f80] color_range:tv color_space:bt709 color_primaries:bt709 color_trc:bt709
[Parsed_showinfo_1 @ 000001d02e3b7f80] n:  29 pts: 676465 pts_time:42.279063 duration:    745 duration_time:0.0465625 fmt:yuv420p cl:left sar:0/1 s:1280x720 i:P iskey:0 type:P checksum:5D57EFEB plane_checksum:[3B7967DA D5A5446D 635743A4] mean:[67 121 140] stdev:[45.0 6.9 10.0]
[Parsed_showinfo_1 @ 000001d02e3b7f80] color_range:tv color_space:bt709 color_primaries:bt709 color_trc:bt709
[Parsed_showinfo_1 @ 000001d02e3b7f80] n:  30 pts: 678698 pts_time:42.418625 duration:    744 duration_time:0.0465  fmt:yuv420p cl:left sar:0/1 s:1280x720 i:P iskey:0 type:B checksum:D6FB485D plane_checksum:[616418E5 A3BD656A DA5DC9FF] mean:[82 120 139] stdev:[47.0 6.3 8.2]
[Parsed_showinfo_1 @ 000001d02e3b7f80] color_range:tv color_space:bt709 color_primaries:bt709 color_trc:bt709
[Parsed_showinfo_1 @ 000001d02e3b7f80] n:  31 pts: 680186 pts_time:42.511625 duration:    744 duration_time:0.0465  fmt:yuv420p cl:left sar:0/1 s:1280x720 i:P iskey:0 type:B checksum:8BB6E1A2 plane_checksum:[63D63031 146B1470 B9909D01] mean:[89 119 137] stdev:[53.9 11.9 10.8]
[Parsed_showinfo_1 @ 000001d02e3b7f80] color_range:tv color_space:bt709 color_primaries:bt709 color_trc:bt709
[Parsed_showinfo_1 @ 000001d02e3b7f80] n:  32 pts: 689860 pts_time:43.11625 duration:    745 duration_time:0.0465625 fmt:yuv420p cl:left sar:0/1 s:1280x720 i:P iskey:0 type:B checksum:DF4D5DC5 plane_checksum:[10739F56 6B84C801 5109F650] mean:[70 123 135] stdev:[42.8 5.7 8.9]
[Parsed_showinfo_1 @ 000001d02e3b7f80] color_range:tv color_space:bt709 color_primaries:bt709 color_trc:bt709
[Parsed_showinfo_1 @ 000001d02e3b7f80] n:  33 pts: 703256 pts_time:43.9535 duration:    744 duration_time:0.0465  fmt:yuv420p cl:left sar:0/1 s:1280x720 i:P iskey:0 type:B checksum:598D262E plane_checksum:[ABDFD7EE F0C3A12A 74F0ACF8] mean:[64 124 136] stdev:[39.4 6.5 10.9]
[Parsed_showinfo_1 @ 000001d02e3b7f80] color_range:tv color_space:bt709 color_primaries:bt709 color_trc:bt709
[Parsed_showinfo_1 @ 000001d02e3b7f80] n:  34 pts: 715907 pts_time:44.744188 duration:    744 duration_time:0.0465  fmt:yuv420p cl:left sar:0/1 s:1280x720 i:P iskey:0 type:B checksum:9A47B22B plane_checksum:[6C19B6E6 5E0AC76D F69633C9] mean:[57 128 128] stdev:[37.0 6.5 8.3]
[Parsed_showinfo_1 @ 000001d02e3b7f80] color_range:tv color_space:bt709 color_primaries:bt709 color_trc:bt709
[Parsed_showinfo_1 @ 000001d02e3b7f80] n:  35 pts: 730791 pts_time:45.674438 duration:    745 duration_time:0.0465625 fmt:yuv420p cl:left sar:0/1 s:1280x720 i:P iskey:0 type:B checksum:2FF672FE plane_checksum:[264FD8E6 3B838FA7 87B40A62] mean:[59 126 129] stdev:[41.1 10.6 15.1]
[Parsed_showinfo_1 @ 000001d02e3b7f80] color_range:tv color_space:bt709 color_primaries:bt709 color_trc:bt709
[Parsed_showinfo_1 @ 000001d02e3b7f80] n:  36 pts: 748651 pts_time:46.790688 duration:    744 duration_time:0.0465  fmt:yuv420p cl:left sar:0/1 s:1280x720 i:P iskey:0 type:B checksum:BC016F1B plane_checksum:[68EDD555 D62364E0 A31034D7] mean:[60 124 135] stdev:[39.7 8.0 10.4]
[Parsed_showinfo_1 @ 000001d02e3b7f80] color_range:tv color_space:bt709 color_primaries:bt709 color_trc:bt709
[Parsed_showinfo_1 @ 000001d02e3b7f80] n:  37 pts: 766512 pts_time:47.907  duration:    745 duration_time:0.0465625 fmt:yuv420p cl:left sar:0/1 s:1280x720 i:P iskey:0 type:P checksum:3E3475A6 plane_checksum:[728877E8 9DCD218F DE6BDC20] mean:[90 119 137] stdev:[59.6 10.9 10.5]
[Parsed_showinfo_1 @ 000001d02e3b7f80] color_range:tv color_space:bt709 color_primaries:bt709 color_trc:bt709
[Parsed_showinfo_1 @ 000001d02e3b7f80] n:  38 pts: 767256 pts_time:47.9535 duration:    744 duration_time:0.0465  fmt:yuv420p cl:left sar:0/1 s:1280x720 i:P iskey:0 type:P checksum:1D86F9EE plane_checksum:[FACE5DF0 67C5B6F9 6DF4E4F6] mean:[87 119 137] stdev:[57.5 11.4 10.9]
[Parsed_showinfo_1 @ 000001d02e3b7f80] color_range:tv color_space:bt709 color_primaries:bt709 color_trc:bt709
[Parsed_showinfo_1 @ 000001d02e3b7f80] n:  39 pts: 783628 pts_time:48.97675 duration:    744 duration_time:0.0465  fmt:yuv420p cl:left sar:0/1 s:1280x720 i:P iskey:0 type:B checksum:C6D30B03 plane_checksum:[196D0269 B617960F 09FE727C] mean:[57 129 120] stdev:[35.5 4.7 14.0]
[Parsed_showinfo_1 @ 000001d02e3b7f80] color_range:tv color_space:bt709 color_primaries:bt709 color_trc:bt709
[Parsed_showinfo_1 @ 000001d02e3b7f80] n:  40 pts: 807442 pts_time:50.465125 duration:    744 duration_time:0.0465  fmt:yuv420p cl:left sar:0/1 s:1280x720 i:P iskey:0 type:B checksum:0EEF6008 plane_checksum:[069CF552 9DE2BAB9 E5D9AFDF] mean:[69 128 115] stdev:[42.4 6.8 17.9]
[Parsed_showinfo_1 @ 000001d02e3b7f80] color_range:tv color_space:bt709 color_primaries:bt709 color_trc:bt709
[Parsed_showinfo_1 @ 000001d02e3b7f80] n:  41 pts: 823814 pts_time:51.488375 duration:    745 duration_time:0.0465625 fmt:yuv420p cl:left sar:0/1 s:1280x720 i:P iskey:0 type:P checksum:DCFD177B plane_checksum:[555DE82B FADA11CD 29BD1D74] mean:[60 122 136] stdev:[43.1 9.6 9.5]
[Parsed_showinfo_1 @ 000001d02e3b7f80] color_range:tv color_space:bt709 color_primaries:bt709 color_trc:bt709
[Parsed_showinfo_1 @ 000001d02e3b7f80] n:  42 pts: 859535 pts_time:53.720937 duration:    744 duration_time:0.0465  fmt:yuv420p cl:left sar:0/1 s:1280x720 i:P iskey:0 type:P checksum:D9682FAB plane_checksum:[C56E4E43 3640FC49 E677E501] mean:[56 127 123] stdev:[34.0 4.9 10.9]
[Parsed_showinfo_1 @ 000001d02e3b7f80] color_range:tv color_space:bt709 color_primaries:bt709 color_trc:bt709
[Parsed_showinfo_1 @ 000001d02e3b7f80] n:  43 pts: 871442 pts_time:54.465125 duration:    744 duration_time:0.0465  fmt:yuv420p cl:left sar:0/1 s:1280x720 i:P iskey:0 type:P checksum:EC230BD5 plane_checksum:[5A2D811A 86143162 53CD594A] mean:[67 123 128] stdev:[43.1 7.1 13.1]
[Parsed_showinfo_1 @ 000001d02e3b7f80] color_range:tv color_space:bt709 color_primaries:bt709 color_trc:bt709
[Parsed_showinfo_1 @ 000001d02e3b7f80] n:  44 pts: 885581 pts_time:55.348813 duration:    744 duration_time:0.0465  fmt:yuv420p cl:left sar:0/1 s:1280x720 i:P iskey:0 type:B checksum:B5B15541 plane_checksum:[14A9A583 73145351 F2F45C5E] mean:[46 116 133] stdev:[34.8 17.9 6.5]
[Parsed_showinfo_1 @ 000001d02e3b7f80] color_range:tv color_space:bt709 color_primaries:bt709 color_trc:bt709
[Parsed_showinfo_1 @ 000001d02e3b7f80] n:  45 pts: 904186 pts_time:56.511625 duration:    744 duration_time:0.0465  fmt:yuv420p cl:left sar:0/1 s:1280x720 i:P iskey:0 type:B checksum:8ED57FBC plane_checksum:[90D2E15A 0FCF4F8E A4F24EC5] mean:[72 122 136] stdev:[47.6 11.3 14.0]
[Parsed_showinfo_1 @ 000001d02e3b7f80] color_range:tv color_space:bt709 color_primaries:bt709 color_trc:bt709
[Parsed_showinfo_1 @ 000001d02e3b7f80] n:  46 pts: 928744 pts_time:58.0465 duration:    744 duration_time:0.0465  fmt:yuv420p cl:left sar:0/1 s:1280x720 i:P iskey:0 type:B checksum:BD741EEC plane_checksum:[4488980B 91FD6AD9 FF951BF9] mean:[68 124 134] stdev:[44.5 8.4 12.3]
[Parsed_showinfo_1 @ 000001d02e3b7f80] color_range:tv color_space:bt709 color_primaries:bt709 color_trc:bt709
[Parsed_showinfo_1 @ 000001d02e3b7f80] n:  47 pts: 943628 pts_time:58.97675 duration:    744 duration_time:0.0465  fmt:yuv420p cl:left sar:0/1 s:1280x720 i:P iskey:0 type:B checksum:E6739802 plane_checksum:[F0374A19 58A587E7 306AC5F3] mean:[73 122 135] stdev:[51.0 11.0 12.3]
[Parsed_showinfo_1 @ 000001d02e3b7f80] color_range:tv color_space:bt709 color_primaries:bt709 color_trc:bt709
[Parsed_showinfo_1 @ 000001d02e3b7f80] n:  48 pts: 957767 pts_time:59.860438 duration:    744 duration_time:0.0465  fmt:yuv420p cl:left sar:0/1 s:1280x720 i:P iskey:0 type:B checksum:1A8FFDCC plane_checksum:[9D11D703 572334BC A682F1FE] mean:[66 123 132] stdev:[41.3 8.2 11.3]
[Parsed_showinfo_1 @ 000001d02e3b7f80] color_range:tv color_space:bt709 color_primaries:bt709 color_trc:bt709
[Parsed_showinfo_1 @ 000001d02e3b7f80] n:  49 pts: 970419 pts_time:60.651187 duration:    744 duration_time:0.0465  fmt:yuv420p cl:left sar:0/1 s:1280x720 i:P iskey:0 type:B checksum:6B33F91B plane_checksum:[FBD22271 0769FEB3 E814D7E8] mean:[69 125 132] stdev:[44.3 11.0 14.0]
[Parsed_showinfo_1 @ 000001d02e3b7f80] color_range:tv color_space:bt709 color_primaries:bt709 color_trc:bt709
[Parsed_showinfo_1 @ 000001d02e3b7f80] n:  50 pts: 998698 pts_time:62.418625 duration:    745 duration_time:0.0465625 fmt:yuv420p cl:left sar:0/1 s:1280x720 i:P iskey:0 type:B checksum:1B8EC36F plane_checksum:[57DE9C33 5896CE45 612758E8] mean:[74 123 135] stdev:[45.6 8.7 12.4]
[Parsed_showinfo_1 @ 000001d02e3b7f80] color_range:tv color_space:bt709 color_primaries:bt709 color_trc:bt709
[Parsed_showinfo_1 @ 000001d02e3b7f80] n:  51 pts:1006140 pts_time:62.88375 duration:    744 duration_time:0.0465  fmt:yuv420p cl:left sar:0/1 s:1280x720 i:P iskey:0 type:P checksum:A94E013B plane_checksum:[C5124ABD 1FB734A5 235481CA] mean:[80 123 134] stdev:[47.8 8.6 12.0]
[Parsed_showinfo_1 @ 000001d02e3b7f80] color_range:tv color_space:bt709 color_primaries:bt709 color_trc:bt709
[Parsed_showinfo_1 @ 000001d02e3b7f80] n:  52 pts:1029209 pts_time:64.325563 duration:    745 duration_time:0.0465625 fmt:yuv420p cl:left sar:0/1 s:1280x720 i:P iskey:0 type:P checksum:E832B94E plane_checksum:[46FF9BD3 D85AB76F F2F665FD] mean:[95 113 142] stdev:[57.2 13.7 14.8]
[Parsed_showinfo_1 @ 000001d02e3b7f80] color_range:tv color_space:bt709 color_primaries:bt709 color_trc:bt709
[Parsed_showinfo_1 @ 000001d02e3b7f80] n:  53 pts:1037395 pts_time:64.837187 duration:    744 duration_time:0.0465  fmt:yuv420p cl:left sar:0/1 s:1280x720 i:P iskey:0 type:P checksum:DA50D295 plane_checksum:[D241B6F1 67850D27 E3B50E7D] mean:[83 113 148] stdev:[46.9 12.5 14.5]
[Parsed_showinfo_1 @ 000001d02e3b7f80] color_range:tv color_space:bt709 color_primaries:bt709 color_trc:bt709
[Parsed_showinfo_1 @ 000001d02e3b7f80] n:  54 pts:1045581 pts_time:65.348813 duration:    744 duration_time:0.0465  fmt:yuv420p cl:left sar:0/1 s:1280x720 i:P iskey:0 type:B checksum:1430CDDE plane_checksum:[744C6E64 F3FB1170 B6994E0A] mean:[89 117 142] stdev:[51.9 9.0 10.9]
[Parsed_showinfo_1 @ 000001d02e3b7f80] color_range:tv color_space:bt709 color_primaries:bt709 color_trc:bt709
[Parsed_showinfo_1 @ 000001d02e3b7f80] n:  55 pts:1082791 pts_time:67.674437 duration:    744 duration_time:0.0465  fmt:yuv420p cl:left sar:0/1 s:1280x720 i:P iskey:0 type:B checksum:C6F18744 plane_checksum:[48231F3D CF1D2718 7A2C40EF] mean:[46 116 133] stdev:[34.2 17.4 6.4]
[Parsed_showinfo_1 @ 000001d02e3b7f80] color_range:tv color_space:bt709 color_primaries:bt709 color_trc:bt709
[Parsed_showinfo_1 @ 000001d02e3b7f80] n:  56 pts:1096186 pts_time:68.511625 duration:    744 duration_time:0.0465  fmt:yuv420p cl:left sar:0/1 s:1280x720 i:P iskey:0 type:B checksum:C5D23854 plane_checksum:[F982AFFA B51FED4C AE419AF0] mean:[82 123 129] stdev:[56.5 8.6 9.3]
[Parsed_showinfo_1 @ 000001d02e3b7f80] color_range:tv color_space:bt709 color_primaries:bt709 color_trc:bt709
[Parsed_showinfo_1 @ 000001d02e3b7f80] n:  57 pts:1141581 pts_time:71.348813 duration:    744 duration_time:0.0465  fmt:yuv420p cl:left sar:0/1 s:1280x720 i:P iskey:0 type:B checksum:9D9CB9F6 plane_checksum:[DD68F9C1 F379AEC4 C7161162] mean:[44 120 133] stdev:[31.1 7.5 7.3]
[Parsed_showinfo_1 @ 000001d02e3b7f80] color_range:tv color_space:bt709 color_primaries:bt709 color_trc:bt709
[out#0/null @ 000001d02c5e36c0] video:24KiB audio:0KiB subtitle:0KiB other streams:0KiB global headers:0KiB muxing overhead: unknown
frame=   58 fps=0.0 q=-0.0 Lsize=N/A time=00:01:11.39 bitrate=N/A speed= 186x elapsed=0:00:00.38    
