Input #0, mov,mp4,m4a,3gp,3g2,mj2, from 'E:\pyproject\video_spec_gen\assets\fusheng-zhi-baishe-qianyuan\web-downloads\2026-09-06-fusheng-zhi-baishe-qianyuan-public-previews\网剧《浮生之白蛇前缘》预告：有缘仙里.mp4':
  Metadata:
    major_brand     : isom
    minor_version   : 512
    compatible_brands: isomiso2avc1mp41
    title           : 网剧《浮生之白蛇前缘》预告:有缘仙里喜相逢！
    artist          : 冰天雪地happy
    date            : 20260830
    encoder         : Lavf63.1.101
    comment         : https://www.bilibili.com/video/BV18B4U6REpr
    genre           : 阴阳师云华依言歌, 爱情, 古装, 电视剧, 预告片, 必剪创作
    description     : -
    synopsis        : -
  Duration: 00:01:12.33, start: 0.000000, bitrate: 713 kb/s
  Stream #0:0[0x1](und): Video: h264 (High) (avc1 / 0x31637661), yuv420p(tv, bt709, progressive), 1280x720, 543 kb/s, 21.50 fps, 21.50 tbr, 16k tbn (default)
    Metadata:
      handler_name    : VideoHandler
  Stream #0:1[0x2](und): Audio: aac (LC) (mp4a / 0x6134706D), 44100 Hz, stereo, fltp, 165 kb/s (default)
    Metadata:
      handler_name    : SoundHandler
Stream mapping:
  Stream #0:0 -> #0:0 (h264 (native) -> wrapped_avframe (native))
  Stream #0:1 -> #0:1 (aac (native) -> pcm_s16le (native))
Press [q] to stop, [?] for help
Output #0, null, to 'NUL':
  Metadata:
    major_brand     : isom
    minor_version   : 512
    compatible_brands: isomiso2avc1mp41
    title           : 网剧《浮生之白蛇前缘》预告:有缘仙里喜相逢！
    artist          : 冰天雪地happy
    date            : 20260830
    synopsis        : -
    comment         : https://www.bilibili.com/video/BV18B4U6REpr
    genre           : 阴阳师云华依言歌, 爱情, 古装, 电视剧, 预告片, 必剪创作
    description     : -
    encoder         : Lavf63.1.101
  Stream #0:0(und): Video: wrapped_avframe, yuv420p(tv, bt709, progressive), 1280x720, q=2-31, 200 kb/s, 21.50 fps, 21.50 tbn (default)
    Metadata:
      encoder         : Lavc63.1.101 wrapped_avframe
      handler_name    : VideoHandler
  Stream #0:1(und): Audio: pcm_s16le, 44100 Hz, stereo, s16, 1411 kb/s (default)
    Metadata:
      encoder         : Lavc63.1.101 pcm_s16le
      handler_name    : SoundHandler
frame= 1419 fps=0.0 q=-0.0 size=N/A time=00:01:06.00 bitrate=N/A speed= 127x elapsed=0:00:00.52    
[out#0/null @ 0000020dc95224c0] video:644KiB audio:12452KiB subtitle:0KiB other streams:0KiB global headers:0KiB muxing overhead: unknown
frame= 1555 fps=0.0 q=-0.0 Lsize=N/A time=00:01:12.32 bitrate=N/A speed= 129x elapsed=0:00:00.56    
